// Jest Snapshot v1, https://goo.gl/fbAQLP

exports[`Component is mounted properly 1`] = `
<span id="actionList"><div class="d-flex actionStyle justify-content-end"><!----> <div><div class="action p-4"></div></div><div><div class="action p-4 actionLeftBorder"></div></div><div><!----></div><div><!----></div> <div><div class="actionLeftBorder action p-4">
				More actions
			</div> <!----></div></div></span>
`;
