// Jest Snapshot v1, https://goo.gl/fbAQLP

exports[`Component is mounted properly 1`] = `<span id="dropdown" options="[object Object],[object Object],[object Object],[object Object]"><multiselect-stub internalsearch="true" options="[object Object],[object Object],[object Object],[object Object]" multiple="true" value="" placeholder="Select option" allowempty="true" customlabel="function (t,e){return i(t)?&quot;&quot;:e?t[e]:t}" taggable="true" tagplaceholder="Press enter to create a tag" tagposition="top" optionslimit="1000" blockkeys="" showpointer="true" optionheight="40" name="" selectlabel="" selectgrouplabel="Press enter to select group" selectedlabel="" deselectlabel="" deselectgrouplabel="Press enter to deselect group" showlabels="true" limit="99999" maxheight="300" limittext="function (t){return&quot;and &quot;.concat(t,&quot; more&quot;)}" opendirection="" shownooptions="true" shownoresults="true" tabindex="0"></multiselect-stub></span>`;
